[backblue.gif]
[fade.gif]
[index.html]
[www.gibdist.net/uploaded/favicon.ico]
[static.finalsite.net/assets/application-7ed355b7f8aee7dbec9d14e2e0e4a05ce3306f3ac7534a8133fd223a8d726a6c.css]
[use.typekit.net/lkr7hqy.js]
[static.finalsite.net/assets/in_layout_head-17790e84d6a6c54aba7c668213c3a1a11c0783f84fa6708487a7958e349545fb.js]
[www.gibdist.net/uploaded/themes/default/images/gibs_logo.png]
[www.gibdist.net/uploaded/photos/Menu_Pics/Grad2016-288x288.jpg]
[www.gibdist.net/uploaded/photos/Menu_Pics/Robotics-288x288.jpg]
[www.gibdist.net/uploaded/themes/default/images/mi_budget.png]
[www.gibdist.net/uploaded/themes/default/images/mi_school.png]
[www.gibdist.net/uploaded/themes/default/images/mi_school_hover.png]
[www.gibdist.net/uploaded/themes/default/images/Mask.jpg]
[www.gibdist.net/uploaded/themes/default/images/Mask-1.png]
[www.gibdist.net/uploaded/photos/Home_Page/Robofest2015-HomePage.jpg]
[www.gibdist.net/uploaded/themes/default/images/Mask-3.png]
[www.gibdist.net/uploaded/photos/Home_Page/Robotics-Home.jpg]
[www.gibdist.net/data/news/thumbs/19.full.jpg]
[www.gibdist.net/data/news/thumbs/18.full.jpg]
[www.gibdist.net/uploaded/themes/default/images/scienc-pic.jpg]
[www.gibdist.net/uploaded/themes/default/images/tech-pic.jpg]
[www.gibdist.net/uploaded/themes/default/images/engineering-pic.jpg]
[www.gibdist.net/uploaded/themes/default/images/math-pic.jpg]
[www.gibdist.net/index.html]
[static.finalsite.net/assets/images/ui-bg_flat_100_ffffff_40x100.48.delayed]
[static.finalsite.net/assets/images/ui-bg_flat_100_D5D8DC_40x100.png]
[static.finalsite.net/assets/images/ui-bg_flat_100_e6e8eb_40x100.png]
[static.finalsite.net/assets/images/ui-bg_flat_100_c4c9cf_40x100.png]
[static.finalsite.net/assets/images/ui-bg_flat_100_979CA2_40x100.png]
[static.finalsite.net/assets/images/ui-bg_flat_55_eeeeee_40x100.png]
[static.finalsite.net/assets/images/ui-bg_flat_55_b94a48_40x100.png]
[static.finalsite.net/assets/images/ui-icons_149bc7_256x240.png]
[static.finalsite.net/assets/images/ui-icons_999999_256x240.png]
[static.finalsite.net/assets/images/ui-icons_70b2e1_256x240.png]
[static.finalsite.net/assets/images/ui-icons_3383bb_256x240.png]
[static.finalsite.net/assets/images/ui-icons_454545_256x240.png]
[static.finalsite.net/assets/images/ui-icons_ffffff_256x240.png]
[static.finalsite.net/assets/images/ui-bg_flat_0_3F454B_40x100.png]
[static.finalsite.net/assets/images/ui-bg_flat_100_333_40x100.png]
[static.finalsite.net/assets/icon_sprites/global-sd0ef1475a5-d779f0fba3d97482883f3f2bbad8eb0f50e1e05dece441402b39943887f5a6d1.png]
[static.finalsite.net/assets/icon_sprites/global2x-s58b2a143cb-8d9e9f3654dda61ed7c267efccf4aed2e31c58d53585509cb549854638193a77.png]
[static.finalsite.net/assets/lato/lato_regular-webfont-f4717cac8a7d14fe762dc08b5dc2f50859b82eee4e30e39f8cf6a13a9ff0c6a8.woff]
[static.finalsite.net/assets/lato/lato_regular-webfont-36fbb94216814c05554881fa3439a8b410f6db799554c301881c6289e4966663.eot]
[static.finalsite.net/assets/lato/lato_regular-webfont-8b8542e8e5ff69b3175cc2b2f14c8c5a01daf42221df470710cd20f9a1d693fc.svg]
[static.finalsite.net/assets/lato/lato_regular-webfont-36fbb94216814c05554881fa3439a8b410f6db799554c301881c6289e4966663d41d.eot]
[static.finalsite.net/assets/lato_b/lato_700-webfont-2567bb1bf4a7d8503441983782499c7fb24f47943c0f5bf6284cee56eef2b48b.woff]
[static.finalsite.net/assets/lato/lato_regular-webfont-043810ae98954689f2ae65f3e9175b0eaa6c2614aa250605e3c42bd4a5f89e0e.ttf]
[static.finalsite.net/assets/lato_b/lato_700-webfont-5c13a6d2dfdd24c21d7706260200cc31322aeb2a4a724f2c37b8dd3172cd690d.eot]
[static.finalsite.net/assets/lato_b/lato_700-webfont-d3231d06a9f831fba84394a018eb4b01402b77a49d81b1e461ec88578f6cee03.svg]
[static.finalsite.net/assets/icons/frontend/poweredby-9d942327a5044f79c1b07c055e2232de2cf4859ff035fb29f74823ce2d92cd07.svg]
[static.finalsite.net/assets/icons/social/email-f13af89d4353dc1dfc0cb98af131e2494580804f9ae02f15359b934d0093b5db.svg]
[static.finalsite.net/assets/lato_b/lato_700-webfont-5c13a6d2dfdd24c21d7706260200cc31322aeb2a4a724f2c37b8dd3172cd690dd41d.eot]
[static.finalsite.net/assets/icons/social/facebook-2f718ee7283546fe075bf64e58b5cc166a253d1d2c9836aa5a061d2ce0d3571a.svg]
[static.finalsite.net/assets/icons/social/google-plus-8837192c339b93b599018f2b429892cb8b4323f96d4714c6afefcfd948cbe782.svg]
[static.finalsite.net/assets/icons/social/linkedin-4220cff1a9efa4a0a6e6acd8a47761c1e3f52f8d768174ec852af5194ec82209.svg]
[static.finalsite.net/assets/icons/social/pinterest-9181c3ea4686cb01a9629623cd6077d4e9baa6c1c54d5d8832f22b7d91abf0d8.svg]
[static.finalsite.net/assets/icons/social/printer-f0cb6296af4f3dfc7422ca079a16582eb5537f156763898580c2f37971ea5f1b.svg]
[static.finalsite.net/assets/icons/social/twitter-d9721e7340eed4411a65cf2492e5dce020219423ef11b3f9c43c80d6c737be52.svg]
[static.finalsite.net/assets/lato_b/lato_700-webfont-a09c1c026bb88ce6b9de83ac1470d931b42901a75dc2441caabee8931befcb80.ttf]
[static.finalsite.net/assets/icons/frontend/arrow_down_grey-ade81ddd619c7233fc70e11e014add0904130782c623dbc27e850495c253d4a4.svg]
[static.finalsite.net/assets/icons/elements/subtype_list-6b3b2f0d0b769e8e06a8abe280f3c579ca86e78074f0040ee075190922fe3bf6.svg]
[static.finalsite.net/assets/icons/elements/subtype_grid-dc6d7feab7e3a49d7e026b8f139df1cecc68a6453cbd98213a59fb19023c5707.svg]
[static.finalsite.net/assets/icons/elements/subtype_slideshow-03c60fd06949e96a55d0cc85e7a7a58aff09edd9e57fe7f73fdef89530dad5f7.svg]
[static.finalsite.net/assets/application-7ed355b7f8aee7dbec9d14e2e0e4a05ce3306f3ac7534a8133fd223a8d726a6c.css]
[www.gibdist.net/styles92eb.css]
[www.gibdist.net/uploaded/themes/default/fonts/icomoon.eot]
[www.gibdist.net/uploaded/themes/default/fonts/icomoon.woff2]
[www.gibdist.net/uploaded/themes/default/fonts/icomoond41d.eot]
[www.gibdist.net/uploaded/themes/default/fonts/icomoon.woff]
[www.gibdist.net/uploaded/themes/default/fonts/icomoon.ttf]
[www.gibdist.net/uploaded/themes/default/css/main42fc.css]
[www.googletagmanager.com/gtm5445.html]
[www.gibdist.net/uploaded/photos/Landing_Pages/About/Graduation_2016_-_Landing_Page.jpg]
[www.gibdist.net/about.html]
[www.gibdist.net/uploaded/photos/Landing_Pages/Academics/ComputerLab.jpg]
[www.gibdist.net/academics.html]
[www.gibdist.net/uploaded/photos/Arts/Spring_Play_2016.jpg]
[www.gibdist.net/arts.html]
[static.finalsite.net/assets/application-21861241d0b10acfba6c96e8fd2b05bacb87a75236d9ce7589efc22cdd48c581.js]
[www.gibdist.net/athletics.html]
[www.gibdist.net/parents.html]
[www.gibdist.net/uploaded/photos/Misc/MI_Star_Student.png]
[www.gibdist.net/students.html]
[www.gibdist.net/quicklinks.html]
[www.gibdist.net/uploaded/about_us/GSD_Public_Calendar_2016-17.pdf]
[www.gibdist.net/uploaded/photos/Logos/SMS_Logo_-_30.png]
[www.gibdist.net/uploaded/photos/Logos/Parsons_Logo_-_30.jpg]
[www.gibdist.net/uploaded/photos/Logos/GSD_Logo_-_30.png]
[www.gibdist.net/uploaded/photos/Logos/CHS_Logo_-_30.png]
[www.gibdist.net/uploaded/photos/Logos/Hunter_Logo_-_30.jpg]
[www.gibdist.net/uploaded/photos/Logos/DHS_Logo_-_30.jpg]
[www.gibdist.net/uploaded/photos/Logos/Chapman_Logo_-_30.png]
[www.gibdist.net/uploaded/photos/Logos/Downriver_STEM_Logo_-_30.png]
[www.gibdist.net/calendar.html]
[www.gibdist.net/data/news/thumbs/24.medium.jpg]
[www.gibdist.net/data/news/thumbs/23.medium.jpg]
[www.gibdist.net/our-schools.html]
[www.gibdist.net/uploaded/themes/default/images/carlson.png]
[www.gibdist.net/uploaded/Schools/Carlson/Misc_Forms/MarchYearbookOrderForm-Student.pdf]
[www.gibdist.net/uploaded/photos/Carlson/Robotics/robotics_logo_-_600.png]
[www.gibdist.net/carlson-high.html]
[www.gibdist.net/uploaded/shumate.png]
[www.gibdist.net/uploaded/photos/Shumate/PBIS.png]
[www.gibdist.net/shumate-middle.html]
[www.gibdist.net/uploaded/themes/default/images/hunter.png]
[www.gibdist.net/hunter-elementary.html]
[www.gibdist.net/uploaded/themes/default/images/parsons.png]
[gibdistnet.finalsite.com/uploaded/Parsons_Elementary/image_preview.jpg]
[www.gibdist.net/uploaded/photos/Parsons/Welcome-to-Kindergarten.jpg]
[gibdistnet.finalsite.com/uploaded/photos/Parsons/ParsonsSTEM.jpg]
[www.gibdist.net/parsons-elementary.html]
[www.gibdist.net/uploaded/themes/default/images/stem.png]
[www.gibdist.net/uploaded/Weiss_Elementary/581862_73c6d1e4182549eaa21f996ddb29e797.pdf]
[www.gibdist.net/uploaded/Weiss_Elementary/image_preview.jpg]
[www.gibdist.net/data/news/thumbs/19.medium.jpg]
[www.gibdist.net/data/news/thumbs/18.medium.jpg]
[www.gibdist.net/weiss-elementary.html]
[www.gibdist.net/uploaded/photos/About/Amy_Conway_-_Full.jpg]
[www.gibdist.net/uploaded/photos/Banners/About/FLLjr-400.jpg]
[www.gibdist.net/data/news/thumbs/22.medium.jpg]
[www.gibdist.net/about/about-gibraltar-school-district.html]
[www.gibdist.net/about/board-of-education.html]
[www.gibdist.net/about/departments.html]
[www.gibdist.net/uploaded/about_us/VOLUNTEER_RELEASE_FORM.pdf]
[www.gibdist.net/uploaded/about_us/Goals_-_BOE_Approved_3.11.14.pdf]
[www.gibdist.net/uploaded/about_us/Student_Accident_Insurance.pdf]
[www.gibdist.net/uploaded/about_us/Building_Use_Form_102110_-_edit2.pdf]
[www.gibdist.net/uploaded/about_us/FACILITY_USAGE_CHART_COST_7-29-14.pdf]
[www.gibdist.net/uploaded/about_us/Facility_Usage_Cost_Worksheet012210_-_edit2.pdf]
[www.gibdist.net/uploaded/about_us/Board_Policy_7510.pdf]
[www.gibdist.net/about/district-documents.html]
[www.gibdist.net/uploaded/about_us/Gibraltar_FOIA_Summary_7-1-15.pdf]
[www.gibdist.net/about/district-notices-and-reports.html]
[www.gibdist.net/about/employment.html]
[www.gibdist.net/uploaded/About/News/EBlast_6_January_2017.pdf]
[www.gibdist.net/uploaded/about_us/EBlast_5_December_2016.pdf]
[www.gibdist.net/uploaded/about_us/EBlast_4_November_2016_-1.pdf]
[www.gibdist.net/uploaded/about_us/EBlast_3_October_2016.pdf]
[www.gibdist.net/uploaded/about_us/EBlast_2_September_2016.pdf]
[www.gibdist.net/uploaded/about_us/EBlast_1_Welcome_Back_2016.pdf]
[www.gibdist.net/about/news-notes.html]
[www.gibdist.net/uploaded/About/Enrollment_Form_Gibraltar_Schools_020917.pdf]
[www.gibdist.net/about/register-students.html]
[www.gibdist.net/uploaded/Departments/image_preview-12.jpg]
[www.gibdist.net/about/departments/curriculum.html]
[www.gibdist.net/uploaded/Academics/AER_GSD_1415.pdf]
[www.gibdist.net/uploaded/Academics/AER_CES_1415.pdf]
[www.gibdist.net/uploaded/Academics/AER_PES_1415.pdf]
[www.gibdist.net/uploaded/Academics/AER_HES_1415.pdf]
[www.gibdist.net/uploaded/Academics/AER_WES_1415.pdf]
[www.gibdist.net/uploaded/Academics/AER_SMS_1415.pdf]
[www.gibdist.net/uploaded/Academics/AER_DHS_1415.pdf]
[www.gibdist.net/uploaded/Academics/AER_CHS_1415.pdf]
[www.gibdist.net/about/district-notices-and-reports/annual-reports.html]
[www.gibdist.net/carlson-high/counseling-center.html]
[www.gibdist.net/uploaded/Academics/parentguide.pdf]
[www.gibdist.net/uploaded/Academics/Online-Enrollment-Form.pdf]
[www.gibdist.net/academics/online-learning.html]
[www.gibdist.net/uploaded/Academics/GSDImprovementPlan1516.pdf]
[www.gibdist.net/uploaded/Academics/CESImprovementPlan1516.pdf]
[www.gibdist.net/uploaded/Academics/PESImprovementPlan1516.pdf]
[www.gibdist.net/uploaded/Academics/HESImprovementPlan1516.pdf]
[www.gibdist.net/uploaded/Academics/WESImprovementPlan1516.pdf]
[www.gibdist.net/uploaded/Academics/SMSImprovementPlan1516.pdf]
[www.gibdist.net/uploaded/Academics/DHSImprovementPlan1516.pdf]
[www.gibdist.net/uploaded/Academics/CHSImprovementPlan1516.pdf]
[www.gibdist.net/about/district-notices-and-reports/school-improvement-plans.html]
[www.gibdist.net/uploaded/photos/Menu_Pics/Arts-288x288.jpg]
[www.gibdist.net/uploaded/photos/Arts/Band/Band.jpg]
[www.gibdist.net/arts/band.html]
[www.gibdist.net/arts/carlson-digital-media.html]
[www.gibdist.net/arts/carlson-fine-arts.html]
[www.gibdist.net/arts/whats-happening.html]
[www.gibdist.net/uploaded/photos/Menu_Pics/Volleyball-288x288.jpg]
[www.gibdist.net/athletics/high-school-sports.html]
[www.gibdist.net/athletics/middle-school-sports.html]
[www.gibdist.net/uploaded/Athletics/Forms/MHSAA_Physical_Card.pdf]
[www.gibdist.net/uploaded/Athletics/Forms/GSD_Pay_to_Participate_Guidelines.pdf]
[www.gibdist.net/uploaded/Athletics/Forms/Student_Accident_Insurance.pdf]
[www.gibdist.net/athletics/athletic-forms.html]
[www.gibdist.net/uploaded/themes/default/images/mi_budget_hover.png]
[www.gibdist.net/about/about-gibraltar-school-district/administration.html]
[www.gibdist.net/map-directions.html]
[www.gibdist.net/site-map.html]
[www.gibdist.net/privacy-policy.html]
[www.gibdist.net/uploaded/themes/default/js/main42fc.js]
[static.finalsite.net/assets/images/ui-bg_flat_100_ffffff_40x100.html]
[static.finalsite.net/assets/images/ui-bg_flat_100_D5D8DC_40x100.html]
[static.finalsite.net/assets/images/ui-bg_flat_100_e6e8eb_40x100.html]
[static.finalsite.net/assets/images/ui-bg_flat_100_c4c9cf_40x100.html]
[static.finalsite.net/assets/images/ui-bg_flat_100_979CA2_40x100.html]
[static.finalsite.net/assets/images/ui-bg_flat_55_eeeeee_40x100.html]
[static.finalsite.net/assets/images/ui-bg_flat_55_b94a48_40x100.html]
[static.finalsite.net/assets/images/ui-icons_149bc7_256x240.html]
[static.finalsite.net/assets/images/ui-icons_999999_256x240.html]
[static.finalsite.net/assets/images/ui-icons_70b2e1_256x240.html]
[static.finalsite.net/assets/images/ui-icons_3383bb_256x240.html]
[static.finalsite.net/assets/images/ui-icons_454545_256x240.html]
[static.finalsite.net/assets/images/ui-icons_ffffff_256x240.html]
[static.finalsite.net/assets/images/ui-bg_flat_0_3F454B_40x100.html]
[static.finalsite.net/assets/images/ui-bg_flat_100_333_40x100.html]
[static.finalsite.net/assets/lato/lato_regular-webfont-8b8542e8e5ff69b3175cc2b2f14c8c5a01daf42221df470710cd20f9a1d693fc.svg]
[static.finalsite.net/assets/lato_b/lato_700-webfont-d3231d06a9f831fba84394a018eb4b01402b77a49d81b1e461ec88578f6cee03.svg]
[static.finalsite.net/assets/icons/frontend/poweredby-9d942327a5044f79c1b07c055e2232de2cf4859ff035fb29f74823ce2d92cd07.svg]
[static.finalsite.net/assets/icons/social/email-f13af89d4353dc1dfc0cb98af131e2494580804f9ae02f15359b934d0093b5db.svg]
[static.finalsite.net/assets/icons/social/facebook-2f718ee7283546fe075bf64e58b5cc166a253d1d2c9836aa5a061d2ce0d3571a.svg]
[static.finalsite.net/assets/icons/social/google-plus-8837192c339b93b599018f2b429892cb8b4323f96d4714c6afefcfd948cbe782.svg]
[static.finalsite.net/assets/icons/social/linkedin-4220cff1a9efa4a0a6e6acd8a47761c1e3f52f8d768174ec852af5194ec82209.svg]
[static.finalsite.net/assets/icons/social/pinterest-9181c3ea4686cb01a9629623cd6077d4e9baa6c1c54d5d8832f22b7d91abf0d8.svg]
[static.finalsite.net/assets/icons/social/printer-f0cb6296af4f3dfc7422ca079a16582eb5537f156763898580c2f37971ea5f1b.svg]
[static.finalsite.net/assets/icons/social/twitter-d9721e7340eed4411a65cf2492e5dce020219423ef11b3f9c43c80d6c737be52.svg]
[static.finalsite.net/assets/icons/frontend/arrow_down_grey-ade81ddd619c7233fc70e11e014add0904130782c623dbc27e850495c253d4a4.svg]
[static.finalsite.net/assets/icons/elements/subtype_list-6b3b2f0d0b769e8e06a8abe280f3c579ca86e78074f0040ee075190922fe3bf6.svg]
[static.finalsite.net/assets/icons/elements/subtype_grid-dc6d7feab7e3a49d7e026b8f139df1cecc68a6453cbd98213a59fb19023c5707.svg]
[static.finalsite.net/assets/icons/elements/subtype_slideshow-03c60fd06949e96a55d0cc85e7a7a58aff09edd9e57fe7f73fdef89530dad5f7.svg]
[www.gibdist.net/uploaded/themes/default/fonts/icomoon.svg]
[www.gibdist.net/uploaded/photos/Landing_Pages/About/Graduation_2016_-_Landing_Page.jpg]
[www.gibdist.net/about/about-gibraltar-school-district/goals.html]
[www.gibdist.net/uploaded/About/Board_of_Education/2017_Meeting_Calendar.pdf]
[www.gibdist.net/about/board-of-education/aboutmeetings.html]
[www.gibdist.net/uploaded/photos/About/Board_of_Education/Board_of_Education_2017.jpg]
[www.gibdist.net/about/board-of-education/board-members.html]
[www.gibdist.net/uploaded/About/Board_of_Education/Agendas/1617/Agenda_03.09.17.pdf]
[www.gibdist.net/uploaded/photos/About/Board_of_Education/Agendas/2-9-17_Regular_Meeting_Agenda.pdf]
[www.gibdist.net/uploaded/photos/About/Board_of_Education/Agendas/1-12-17_Organizational_Meeting_Agenda.pdf]
[www.gibdist.net/uploaded/about_us/12-15-16_Regular_Meeting.pdf]
[www.gibdist.net/uploaded/about_us/11-29-16_Special_Meeting.pdf]
[www.gibdist.net/uploaded/about_us/11-10-16_Regular_Meeting.pdf]
[www.gibdist.net/uploaded/about_us/10-13-16_Regular_Meeting.pdf]
[www.gibdist.net/uploaded/about_us/9-8-16_Regular_Meeting.pdf]
[www.gibdist.net/uploaded/about_us/8-31-16_Special_Meeting.pdf]
[www.gibdist.net/uploaded/about_us/agenda.pdf]
[www.gibdist.net/uploaded/about_us/8-11-16_Regular_Meeting.pdf]
[www.gibdist.net/uploaded/about_us/Special_Meeting_072716.pdf]
[www.gibdist.net/uploaded/about_us/7-14-16_Agenda_v3.pdf]
[www.gibdist.net/about/board-of-education/meeting-agendas.html]
[www.gibdist.net/about/board-of-education/meeting-minutes.html]
[www.gibdist.net/about/departments/athletics.html]
[www.gibdist.net/about/departments/business-finance.html]
[www.gibdist.net/about/departments/champions-preschool.html]
[www.gibdist.net/uploaded/About/Food_Service/Free_Reduced_App_2016-17.pdf]
[www.gibdist.net/uploaded/About/Food_Service/Freqently_Asked_Questions_2016-17.pdf]
[www.gibdist.net/uploaded/About/Food_Service/Income_Guidelines_for_F-R_Apps_2016-17.pdf]
[www.gibdist.net/about/departments/food-service.html]
[www.gibdist.net/about/departments/maintenance.html]
[www.gibdist.net/uploaded/About/School_Nurse/Asthma_Management_Plan.pdf]
[www.gibdist.net/uploaded/About/School_Nurse/Diabetes_Medical_Management_Plan.pdf]
[www.gibdist.net/uploaded/About/School_Nurse/Food_Allergy_Management_Plan.pdf]
[www.gibdist.net/uploaded/About/School_Nurse/Insect_Sting_Allergy_Management.pdf]
[www.gibdist.net/uploaded/About/School_Nurse/Seizure_Action_Plan.pdf]
[www.gibdist.net/uploaded/About/School_Nurse/2014_-_Generic_Medical_Management_Plan.pdf]
[www.gibdist.net/uploaded/About/School_Nurse/When_to_keep_a_child_home_from_school.pdf]
[www.gibdist.net/uploaded/About/School_Nurse/EV68_Factsheet.pdf]
[www.gibdist.net/uploaded/About/School_Nurse/EV68_Infographic.pdf]
[www.gibdist.net/uploaded/About/School_Nurse/Information_on_Influenza.pdf]
[www.gibdist.net/uploaded/About/School_Nurse/Teen_Vaccine_Info_and_Requires_.pdf]
[www.gibdist.net/uploaded/About/School_Nurse/State_of_Mich_mandated_concussion_form.pdf]
[www.gibdist.net/uploaded/About/School_Nurse/2015_Repro_Health_Report_-_2_Year.pdf]
[www.gibdist.net/about/departments/school-nurse.html]
[www.gibdist.net/uploaded/About/Special_Education/Gib_Procedures_for_Determination_of_Specific_Learning_Disabilities.pdf]
[www.gibdist.net/about/departments/special-education.html]
[www.gibdist.net/uploaded/Departments/image_preview.jpg]
[www.gibdist.net/about/departments/superintendents-office.html]
[www.gibdist.net/about/departments/technology.html]
[www.gibdist.net/about/departments/transportation.html]
[www.gibdist.net/uploaded/About/Kindergarten_Information_Packet_021717_Update.pdf]
[www.gibdist.net/about/register-students/kindergarten-young-5s-registration.html]
[www.gibdist.net/uploaded/About/2017._2018_Wayne_County_SOC_Application.pdf]
[www.gibdist.net/uploaded/About/2017._2018_NON_Wayne_County_SOC_Application.pdf]
[www.gibdist.net/about/register-students/school-of-choice.html]
[www.gibdist.net/uploaded/photos/Landing_Pages/Athletics/Soccer.jpg]
[www.gibdist.net/uploaded/Athletics/image_preview_(3).jpg]
[www.gibdist.net/athletics/high-school-sports/boosters-club.html]
[www.gibdist.net/uploaded/Athletics/Baseball/Scriber.png]
[www.gibdist.net/uploaded/Athletics/Baseball/BBcoaches.png]
[www.gibdist.net/uploaded/Athletics/Baseball/Lancaster.png]
[www.gibdist.net/athletics/high-school-sports/boys-baseball.html]
[www.gibdist.net/athletics/middle-school-sports/fall-season.html]
[www.gibdist.net/athletics/middle-school-sports/winter-season.html]
[www.gibdist.net/athletics/middle-school-sports/spring-season.html]
[www.gibdist.net/uploaded/Shumate_Middle_School/Shumate_Spring_2017_Sports_Schedule_.pdf]
[www.gibdist.net/athletics/middle-school-sports/schedules.html]
[www.gibdist.net/uploaded/photos/Misc/MI_Star_Parent.png]
[www.gibdist.net/calendar/fundraising-calendar.html]
[www.gibdist.net/calendar/calendar-list-view.html]
[www.gibdist.net/uploaded/themes/default/css/main5d01.css]
[www.gibdist.net/uploaded/Carlson_Heigh_School/image_preview_(7).jpg]
[www.gibdist.net/carlson-high/about-carlson.html]
[www.gibdist.net/carlson-high/calendar.html]
[www.gibdist.net/carlson-high/counseling-center/about-us.html]
[www.gibdist.net/uploaded/Schools/Carlson/Counseling/e_2020_Online_Learning_Policies_Procedures_2016-2017.pdf]
[www.gibdist.net/carlson-high/counseling-center/announcements.html]
[www.gibdist.net/carlson-high/counseling-center/career-exploration.html]
[www.gibdist.net/carlson-high/counseling-center/financial-aid.html]
[www.gibdist.net/uploaded/Schools/Carlson/Counseling/Dual_Enrollment_Packet.pdf]
[www.gibdist.net/uploaded/Schools/Carlson/Counseling/personal_curriculum_packet.pdf]
[www.gibdist.net/uploaded/Schools/Carlson/Counseling/New_Senior_Questionnaire.pdf]
[www.gibdist.net/uploaded/Schools/Carlson/Counseling/testing_out_packet.pdf]
[www.gibdist.net/carlson-high/counseling-center/forms.html]
[www.gibdist.net/carlson-high/counseling-center/graduation.html]
[www.gibdist.net/carlson-high/counseling-center/hs-timeline.html]
[www.gibdist.net/carlson-high/counseling-center/post-hs-planning.html]
[www.gibdist.net/uploaded/Schools/Carlson/Counseling/Course_Description_Guide_2017.pdf]
[www.gibdist.net/uploaded/Schools/Carlson/Counseling/Course_Selection_Sheet_2016-2017.pdf]
[www.gibdist.net/uploaded/Schools/Carlson/Counseling/Course_Numbers_9th_Grade_2016-2017.pdf]
[www.gibdist.net/uploaded/Schools/Carlson/Counseling/Course_Numbers_10th_Grade_2017.pdf]
[www.gibdist.net/uploaded/Schools/Carlson/Counseling/Course_Numbers_11th_Grade_2017.pdf]
[www.gibdist.net/uploaded/Schools/Carlson/Counseling/Course_Numbers_12th_Grade_2017_Ver2.pdf]
[www.gibdist.net/carlson-high/counseling-center/scheduling-information.html]
[www.gibdist.net/carlson-high/counseling-center/scholarships.html]
[www.gibdist.net/carlson-high/counseling-center/student-sites.html]
[www.gibdist.net/uploaded/Schools/Carlson/Counseling/MME_REPORTS1.pdf]
[www.gibdist.net/uploaded/Schools/Carlson/Counseling/ACT_Test_Prep_Materials.pdf]
[www.gibdist.net/carlson-high/counseling-center/testing.html]
[www.gibdist.net/carlson-high/counseling-center/vocational-education.html]
[www.gibdist.net/carlson-high/extra-curricular-activities.html]
[www.gibdist.net/uploaded/Carlson_Heigh_School/Carlson_Handbook_2016-2017_july_6a.pdf]
[www.gibdist.net/uploaded/Carlson_Heigh_School/drill_update_11-17-18.pdf]
[www.gibdist.net/uploaded/Carlson_Heigh_School/picture_retake_flyer.pdf]
[www.gibdist.net/uploaded/Carlson_Heigh_School/CHS_Prep_Day_2016.pdf]
[www.gibdist.net/uploaded/Carlson_Heigh_School/Permit_to_Drive_8172016.pdf]
[www.gibdist.net/uploaded/Carlson_Heigh_School/Transportation_2016-2017.pdf]
[www.gibdist.net/uploaded/Carlson_Heigh_School/2017_Senior_Ad_Flyer.pdf]
[www.gibdist.net/uploaded/Carlson_Heigh_School/newyearbook.pdf]
[www.gibdist.net/carlson-high/important-documents.html]
[www.gibdist.net/carlson-high/hall-of-fame.html]
[www.gibdist.net/uploaded/Schools/Carlson/Hall_of_Fame/DSC_5021-Edit.jpg]
[www.gibdist.net/uploaded/Schools/Carlson/Hall_of_Fame/DSC_5018-Edit.jpg]
[www.gibdist.net/uploaded/Schools/Carlson/Hall_of_Fame/DSC_5023-Edit.jpg]
[www.gibdist.net/carlson-high/hall-of-fame/class-of-2017.html]
[www.gibdist.net/uploaded/Carlson_Heigh_School/image_preview_(9).jpg]
[www.gibdist.net/uploaded/Carlson_Heigh_School/image_preview_(10).jpg]
[www.gibdist.net/uploaded/Carlson_Heigh_School/image_preview_(11).jpg]
[www.gibdist.net/carlson-high/hall-of-fame/class-of-2016.html]
[gibdistnet.finalsite.com/uploaded/Schools/Carlson/Hall_of_Fame/_1360-127.jpg]
[gibdistnet.finalsite.com/uploaded/Schools/Carlson/Hall_of_Fame/_1360-108bc23.jpg]
[www.gibdist.net/uploaded/Schools/Carlson/Hall_of_Fame/_1360-95.jpg]
[www.gibdist.net/uploaded/Schools/Carlson/Hall_of_Fame/_1360-182.jpg]
[www.gibdist.net/uploaded/Schools/Carlson/Hall_of_Fame/_1360-149.jpg]
[www.gibdist.net/carlson-high/hall-of-fame/class-of-2015.html]
[www.gibdist.net/uploaded/Carlson_Heigh_School/image_preview_(12).jpg]
[www.gibdist.net/uploaded/Carlson_Heigh_School/image_preview_(13).jpg]
[www.gibdist.net/uploaded/Carlson_Heigh_School/image_preview_(14).jpg]
[www.gibdist.net/uploaded/Carlson_Heigh_School/image_preview_(15).jpg]
[www.gibdist.net/uploaded/Carlson_Heigh_School/image_preview_(16).jpg]
[www.gibdist.net/carlson-high/hall-of-fame/class-of-2014.html]
[www.gibdist.net/uploaded/Carlson_Heigh_School/image_preview_(19).jpg]
[www.gibdist.net/uploaded/Carlson_Heigh_School/image_preview_(20).jpg]
[www.gibdist.net/carlson-high/hall-of-fame/class-of-2012.html]
[www.gibdist.net/uploaded/photos/Carlson/Staff_Pics/JS.jpg]
[www.gibdist.net/uploaded/photos/Carlson/Staff_Pics/RJ.jpg]
[www.gibdist.net/uploaded/photos/Carlson/Staff_Pics/DK.jpg]
[www.gibdist.net/carlson-high/meet-the-principals.html]
[www.gibdist.net/uploaded/Schools/Carlson/News_and_Notes/Parent_update_3-8-17.pdf]
[www.gibdist.net/uploaded/Schools/Carlson/News_and_Notes/MikeSmithLetter.pdf]
[www.gibdist.net/uploaded/Schools/Carlson/News_and_Notes/Parent_Update_2-26-17.pdf]
[www.gibdist.net/uploaded/Schools/Carlson/News_and_Notes/parent_update_2-7-17.pdf]
[www.gibdist.net/uploaded/Schools/Carlson/News_and_Notes/parent_update_1-28-17.pdf]
[www.gibdist.net/uploaded/Carlson_Heigh_School/Parent_Update_12-19-16.pdf]
[www.gibdist.net/uploaded/Carlson_Heigh_School/Parent_Update_11-21-16.pdf]
[www.gibdist.net/uploaded/Carlson_Heigh_School/Parent_Update_10-24-16.pdf]
[www.gibdist.net/uploaded/Carlson_Heigh_School/Parent_Update_10-13-16.pdf]
[www.gibdist.net/uploaded/Carlson_Heigh_School/Parent_Update_10-10-16.pdf]
[www.gibdist.net/uploaded/Carlson_Heigh_School/Parent_Update_10-5-16.pdf]
[www.gibdist.net/uploaded/Carlson_Heigh_School/School_Lunch_charging_policy.pdf]
[www.gibdist.net/uploaded/Carlson_Heigh_School/Parent_Update_9-23-16.pdf]
[www.gibdist.net/uploaded/Carlson_Heigh_School/Parent_Update_8-24-16.pdf]
[www.gibdist.net/uploaded/Carlson_Heigh_School/athleticupdate_8-18-16.pdf]
[www.gibdist.net/uploaded/Carlson_Heigh_School/08-10-16_Pay_For_it.pdf]
[www.gibdist.net/uploaded/Carlson_Heigh_School/Pay_For_It_Instructions.pdf]
[www.gibdist.net/uploaded/Carlson_Heigh_School/GSD_Pay_to_Participate_Guidelines_2016-2017.pdf]
[www.gibdist.net/uploaded/Carlson_Heigh_School/Direct_College_Letter_6-25-16.pdf]
[www.gibdist.net/uploaded/Carlson_Heigh_School/Direct_College_Letter.pdf]
[www.gibdist.net/carlson-high/news-notes.html]
[www.gibdist.net/carlson-high/staff-information.html]
[www.gibdist.net/MarchYearbookOrderForm-Student.html]
[www.gibdist.net/our-district/documents/GSD Activity Fee Payment.html]
[www.gibdist.net/Pay For It Instructions.html]
[www.gibdist.net/uploaded/themes/default/js/main5d01.js]
[www.gibdist.net/uploaded/themes/default/css/main97a7.css]
[www.gibdist.net/uploaded/Shumate_Middle_School/Mission.png]
[www.gibdist.net/uploaded/Shumate_Middle_School/image_preview_(1).png]
[www.gibdist.net/uploaded/Shumate_Middle_School/image_large67ba.png]
[www.gibdist.net/uploaded/Shumate_Middle_School/image_large_(1).png]
[www.gibdist.net/uploaded/Shumate_Middle_School/image_large_(2).png]
[www.gibdist.net/shumate-middle/about-shumate.html]
[www.gibdist.net/uploaded/Shumate_Middle_School/September_Birthdays.pdf]
[www.gibdist.net/uploaded/Shumate_Middle_School/October.pdf]
[www.gibdist.net/uploaded/Shumate_Middle_School/November_2016.pdf]
[www.gibdist.net/uploaded/Shumate_Middle_School/December.pdf]
[www.gibdist.net/uploaded/Shumate_Middle_School/January_2017.pdf]
[www.gibdist.net/uploaded/Shumate_Middle_School/February_2017.pdf]
[www.gibdist.net/uploaded/Shumate_Middle_School/March_2017.pdf]
[www.gibdist.net/shumate-middle/about-shumate/birthdays.html]
[www.gibdist.net/shumate-middle/about-shumate/child-absence.html]
[www.gibdist.net/uploaded/Shumate_Middle_School/6th_Grade.pdf]
[www.gibdist.net/uploaded/Shumate_Middle_School/7th_Grade.pdf]
[www.gibdist.net/uploaded/Shumate_Middle_School/8th_Grade.pdf]
[www.gibdist.net/shumate-middle/about-shumate/material-list-2016-17.html]
[www.gibdist.net/shumate-middle/about-shumate/pbis-program.html]
[www.gibdist.net/shumate-middle/about-shumate/school-improvement-plan.html]
[www.gibdist.net/shumate-middle/about-shumate/staff-of-the-month.html]
[www.gibdist.net/shumate-middle/about-shumate/student-of-the-month.html]
[www.gibdist.net/shumate-middle/calendar.html]
[www.gibdist.net/shumate-middle/departments.html]
[www.gibdist.net/uploaded/Shumate_Middle_School/image_thumb-1.jpg]
[www.gibdist.net/shumate-middle/departments/library.html]
[www.gibdist.net/shumate-middle/departments/counselors-corner.html]
[www.gibdist.net/shumate-middle/extra-curricular.html]
[www.gibdist.net/uploaded/Schools/Shumate/Shumate_Middle_School_Anime_Club.pdf]
[www.gibdist.net/shumate-middle/extra-curricular/anime-club.html]
[www.gibdist.net/uploaded/Shumate_Middle_School/image_preview-3.jpg]
[www.gibdist.net/shumate-middle/extra-curricular/band.html]
[www.gibdist.net/uploaded/Shumate_Middle_School/Bible_Club_Flyer.jpg]
[www.gibdist.net/shumate-middle/extra-curricular/bible-club.html]
[www.gibdist.net/uploaded/Schools/Shumate/Bowling_Permission_Slip_2017.pdf]
[www.gibdist.net/shumate-middle/extra-curricular/copy-of-bowling-club.html]
[www.gibdist.net/shumate-middle/extra-curricular/math-counts.html]
[www.gibdist.net/shumate-middle/extra-curricular/njhs-1.html]
[www.gibdist.net/shumate-middle/extra-curricular/student-council.html]
[www.gibdist.net/uploaded/Shumate_Middle_School/image_preview-6.jpg]
[www.gibdist.net/shumate-middle/extra-curricular/yearbook.html]
[www.gibdist.net/shumate-middle/extra-curricular/robotics.html]
[www.gibdist.net/uploaded/Schools/Shumate/Shumate_Student_Handbook_2016-2017.pdf]
[www.gibdist.net/uploaded/Shumate_Middle_School/Shumate_Drill_Form_.pdf]
[www.gibdist.net/shumate-middle/important-documents.html]
[www.gibdist.net/shumate-middle/important-documents/anti-harassment-and-bullying-policies.html]
[www.gibdist.net/shumate-middle/important-documents/electronic-form-networkinternet-user-agreement.html]
[www.gibdist.net/shumate-middle/important-documents/photo-permission.html]
[www.gibdist.net/shumate-middle/important-documents/student-handbook-agreement.html]
[www.gibdist.net/uploaded/Shumate_Middle_School/image_preview(22).jpg]
[www.gibdist.net/uploaded/Shumate_Middle_School/image_preview_(53).jpg]
[www.gibdist.net/shumate-middle/principals.html]
[www.gibdist.net/shumate-middle/news-notes.html]
[www.gibdist.net/uploaded/Schools/Shumate/Squawk/Volume_1_Issue_1_date_9-28-16.pdf]
[www.gibdist.net/uploaded/Schools/Shumate/Squawk/Volume_1_Issue_2_date_10-3-16.pdf]
[www.gibdist.net/uploaded/Schools/Shumate/Squawk/Volume_1_Issue_4_date_10-21-16.pdf]
[www.gibdist.net/uploaded/Schools/Shumate/Squawk/Volume_1_Issue_5_date_10-31-16.pdf]
[www.gibdist.net/uploaded/Schools/Shumate/Squawk/Volume_2_Issue_2_date_12-7-16.pdf]
[www.gibdist.net/uploaded/Schools/Shumate/Squawk/Volume_2_Issue_4_date_2_-12-20-16.pdf]
[www.gibdist.net/uploaded/Shumate_Middle_School/Volume_3,_Issue_3.pdf]
[www.gibdist.net/shumate-middle/news-notes/shumate-squawk-newspaper.html]
[www.gibdist.net/shumate-middle/news-notes/news-notes-from-mrs-ferguson.html]
[www.gibdist.net/uploaded/Shumate_Middle_School/image_preview.png]
[www.gibdist.net/shumate-middle/parent-group.html]
[www.gibdist.net/shumate-middle/parent-group/spg-officers.html]
[www.gibdist.net/shumate-middle/staff.html]
[www.gibdist.net/shumate-middle/staff-information.html]
[www.gibdist.net/uploaded/themes/default/js/main97a7.js]
[www.gibdist.net/uploaded/Shumate_Middle_School/BPA_2017b95e.jpg]
[www.gibdist.net/uploaded/themes/default/css/main47af.css]
[www.gibdist.net/uploaded/themes/default/images/chapman.png]
[www.gibdist.net/uploaded/chapman_elementary/When_to_keep_a_child_home_from_school.pdf]
[www.gibdist.net/chapman-elementary]
[www.gibdist.net/uploaded/themes/default/css/mainc696.css]
[www.gibdist.net/uploaded/hunter_elementary_school/school_breakfast_flyer_2012.pdf]
[www.gibdist.net/hunter-elementary/principals-page.html]
[www.gibdist.net/hunter-elementary/principals-page/clubs.html]
[www.gibdist.net/hunter-elementary/principals-page/pbis.html]
[www.gibdist.net/hunter-elementary/principals-page/school-improvement.html]
[www.gibdist.net/hunter-elementary/calendar.html]
[www.gibdist.net/uploaded/Schools/Hunter/Hunter_Student_Handbook.pdf]
[www.gibdist.net/uploaded/Schools/Hunter/Hunter_Emergency_Drill_Log_2016-2017.pdf]
[www.gibdist.net/hunter-elementary/resources.html]
[www.gibdist.net/hunter-elementary/resources/parent-resources.html]
[www.gibdist.net/uploaded/photos/Hunter/John_Kernan.jpg]
[www.gibdist.net/hunter-elementary/about-the-principal.html]
[www.gibdist.net/hunter-elementary/staff-information.html]
[www.gibdist.net/uploaded/themes/default/js/mainc696.js]
[www.gibdist.net/uploaded/themes/default/css/main051a.css]
[www.gibdist.net/parsons-elementary/about-parsons/pbis.html]
[www.gibdist.net/parsons-elementary/about-parsons/school-improvement.html]
[www.gibdist.net/parsons-elementary/calendar.html]
[www.gibdist.net/uploaded/Schools/Parsons/Parsons_Student_Handbook_2016-2017.pdf]
[www.gibdist.net/uploaded/Parsons_Elementary/Emergency_Drill_Log/GSD_Emergency_Drill_Log_16_17_Mar.docx]
[www.gibdist.net/parsons-elementary/important-documents.html]
[www.gibdist.net/parsons-elementary/important-documents/anti-harassment-and-bullying-policies.html]
[gibdistnet.finalsite.com/uploaded/photos/Parsons/villa_headshot.jpg]
[www.gibdist.net/parsons-elementary/about-the-principal.html]
[www.gibdist.net/parsons-elementary/newsletters.html]
[www.gibdist.net/parsons-elementary/pto.html]
[www.gibdist.net/uploaded/Parsons_Elementary/Marauder_XC_Invitational.pdf]
[www.gibdist.net/uploaded/Parsons_Elementary/Running_Club_Permission_Form_2016-17.pdf]
[www.gibdist.net/parsons-elementary/pto/running-club.html]
[www.gibdist.net/uploaded/Parsons_Elementary/Parsons_PTO_REMIND.pdf]
[www.gibdist.net/parsons-elementary/pto/parsons-pto-remind-text-reminders-sign-up.html]
[www.gibdist.net/uploaded/Parsons_Elementary/Red_Wings_Ticket_Information.pdf]
[www.gibdist.net/uploaded/Parsons_Elementary/16.17_Parsons_Red_Wing_Game_-3.pdf]
[www.gibdist.net/uploaded/Parsons_Elementary/PARSONS_ART_CLUB_Sign_up.pdf]
[www.gibdist.net/uploaded/Parsons_Elementary/Cookies_with_Santa_2016.pdf]
[www.gibdist.net/parsons-elementary/pto/pto-events.html]
[www.gibdist.net/uploaded/Parsons_Elementary/PTO_Mtg_agenda_12-12-16.pdf]
[www.gibdist.net/parsons-elementary/pto/pto-meeting-agenda.html]
[www.gibdist.net/uploaded/Parsons_Elementary/2016-17_Budget.pdf]
[www.gibdist.net/parsons-elementary/pto/treasurer-reports.html]
[www.gibdist.net/uploaded/themes/default/js/main051a.js]
[www.gibdist.net/uploaded/themes/default/css/mainc688.css]
[www.gibdist.net/uploaded/photos/Parsons/Parsons2.jpeg]
[www.gibdist.net/uploaded/Weiss_Elementary/image_preview1.jpg]
[gibdistnet.finalsite.com/uploaded/Weiss_Elementary/bagha.jpg]
[www.gibdist.net/weiss-elementary/about-our-school.html]
[www.gibdist.net/weiss-elementary/about-our-school/school-improvement.html]
[www.gibdist.net/weiss-elementary/about-our-school/school-programs.html]
[www.gibdist.net/weiss-elementary/about-our-school/pbis.html]
[www.gibdist.net/weiss-elementary/calendar.html]
[www.gibdist.net/uploaded/Schools/Weiss/Weiss_Student_Handbook_2016-2017.pdf]
[www.gibdist.net/uploaded/Schools/Weiss/Weiss_Emergency_Drill_Log_2016-2017.pdf]
[www.gibdist.net/weiss-elementary/important-documents.html]
[www.gibdist.net/weiss-elementary/important-documents/anti-harassment-and-bullying-policies.html]
[www.gibdist.net/uploaded/Weiss_Elementary/Weiss_Elementary_Handbook_2013-14.pdf]
[www.gibdist.net/weiss-elementary/important-documents/parent-resources.html]
[www.gibdist.net/uploaded/Weiss_Elementary/Kindergarten_Supply_List.pdf]
[www.gibdist.net/uploaded/Weiss_Elementary/First_Grade_Supply_List.pdf]
[www.gibdist.net/uploaded/Weiss_Elementary/Second_Grade_Supply_List_-2.pdf]
[www.gibdist.net/uploaded/Weiss_Elementary/ThirdGradeSupplyList2016-2017.pdf]
[www.gibdist.net/uploaded/Weiss_Elementary/Fourth_Grade_Supply_List.pdf]
[www.gibdist.net/uploaded/Weiss_Elementary/Fifth_Grade_Supply_List.pdf]
[www.gibdist.net/weiss-elementary/important-documents/supply-lists.html]
[www.gibdist.net/weiss-elementary/important-documents/the-walking-track.html]
[www.gibdist.net/weiss-elementary/meet-the-principal.html]
[www.gibdist.net/weiss-elementary/pto.html]
[www.gibdist.net/uploaded/photos/Weiss/EiE1.jpg]
[www.gibdist.net/uploaded/photos/Weiss/EiE3.jpg]
[www.gibdist.net/uploaded/photos/Weiss/Play1.jpg]
[www.gibdist.net/weiss-elementary/school-news.html]
[www.gibdist.net/weiss-elementary/staff.html]
[www.gibdist.net/uploaded/themes/default/js/mainc688.js]
[www.gibdist.net/uploaded/themes/default/images/downriverhigh.png]
[www.gibdist.net/downriver-high]
[www.gibdist.net/uploaded/themes/default/images/virtual.png]
[www.gibdist.net/uploaded/Lakeshore_Virtual/LVS_FAQ.pdf]
[www.gibdist.net/uploaded/Lakeshore_Virtual/Graduation_Requirements.pdf]
[www.gibdist.net/uploaded/Lakeshore_Virtual/Innovative_Opportunities.pdf]
[www.gibdist.net/uploaded/Lakeshore_Virtual/Is_Online_Learning_For_You.pdf]
[www.gibdist.net/uploaded/photos/Lakeshore_Virtual/Social_-_600.jpg]
[www.gibdist.net/uploaded/themes/default/js/mainfbae.js]
[www.gibdist.net/lakeshore-virtual]
[www.gibdist.net/about/board-of-education/meeting-agendas/2015-2016-meeting-agendas.html]
[www.gibdist.net/uploaded/photos/About/Board_of_Education/Minutes/1-19-17_Special_Meeting_Minutes.pdf]
[www.gibdist.net/uploaded/photos/About/Board_of_Education/Minutes/1-12-17_Organizational_Meeting_Minutes.pdf]
[www.gibdist.net/uploaded/photos/About/Board_of_Education/Minutes/12-15-16_Regular_Meeting_Minutes.pdf]
[www.gibdist.net/uploaded/about_us/11-29-16_Special_Meeting_Minutes.pdf]
[www.gibdist.net/uploaded/about_us/11-10-16_Regular_Meeting_Minutes.pdf]
[www.gibdist.net/uploaded/about_us/8-17-16_Special_Meeting.pdf]
[www.gibdist.net/uploaded/about_us/7-27-16_Special_Meeting.pdf]
[www.gibdist.net/uploaded/about_us/7-14-16_Regular_Meeting.pdf]
[www.gibdist.net/about/board-of-education/meeting-minutes/2016-2017-meeting-minutes.html]
[www.gibdist.net/uploaded/about_us/6-30-16_Special_Meeting.pdf]
[www.gibdist.net/uploaded/about_us/6-9-16_Regular_Meeting.pdf]
[www.gibdist.net/uploaded/about_us/6-9-16_Budget_Hearing.pdf]
[www.gibdist.net/uploaded/about_us/5-12-16_Regular_Meeting.pdf]
[www.gibdist.net/uploaded/about_us/4-14-16_Regular_Meeting.pdf]
[www.gibdist.net/uploaded/about_us/3-10-16_Regular_Meeting.pdf]
[www.gibdist.net/uploaded/about_us/3-3-16_Special_Meeting.pdf]
[www.gibdist.net/uploaded/about_us/2-11-16_Regular_Meeting_-2.pdf]
[www.gibdist.net/uploaded/about_us/STEM_School_Presentation_for_BOE.pdf]
[www.gibdist.net/uploaded/about_us/1-14-16_Organizational_MeetingMinutes.pdf]
[www.gibdist.net/uploaded/about_us/12-10-15_Regular_Meeting.pdf]
[www.gibdist.net/uploaded/about_us/11-12-15_Regular_Meeting.pdf]
[www.gibdist.net/uploaded/about_us/10-8-15_Regular_Meeting_Minutes.pdf]
[www.gibdist.net/uploaded/about_us/9-10-15_Regular_Meeting_v2.pdf]
[www.gibdist.net/uploaded/about_us/8-13-15_Regular_Minutes.pdf]
[www.gibdist.net/uploaded/about_us/7-23-15_Special_Meeting.pdf]
[www.gibdist.net/uploaded/about_us/7-9-15_Regular_Meeting.pdf]
[www.gibdist.net/about/board-of-education/meeting-minutes/2015-2016-meetings.html]
[www.gibdist.net/about/departments/champions-preschool/program-overview.html]
[www.gibdist.net/about/departments/champions-preschool/locations-contact-infomation.html]
[www.gibdist.net/about/departments/champions-preschool/rates.html]
[www.gibdist.net/about/departments/champions-preschool/how-to-enroll.html]
[www.gibdist.net/about/departments/maintenance/asbestos-notification.html]
[www.gibdist.net/about/departments/maintenance/msdsonline.html]
[www.gibdist.net/about/departments/maintenance/pesticide-notice.html]
[www.gibdist.net/uploaded/Departments/Task_2-1_-_2-10_Storm_Drains_Arent_garbage_cans.pdf]
[www.gibdist.net/uploaded/Departments/Task_2-2_-_2-4_-_7-7-1_Pesticide_Flyer.pdf]
[www.gibdist.net/uploaded/Departments/Task_2-2_-_2-8_After_the_Storm-Citizens_Guide_to_Understanding_Stormwater.pdf]
[www.gibdist.net/uploaded/Departments/Task_2-3_-_7-7-1_resourceRecoveryGuide.pdf]
[www.gibdist.net/uploaded/Departments/Task_2-5_Car_Wash_Flyer.pdf]
[www.gibdist.net/uploaded/Departments/Task_2-6_Septic_System_Maintenance.pdf]
[www.gibdist.net/uploaded/Departments/Task_2-7_riparian_corridor_management1.pdf]
[www.gibdist.net/uploaded/Departments/Task_2-9_Citizens_Guide_to_Native_Landscaping.pdf]
[www.gibdist.net/about/departments/maintenance/stormwater-management.html]
[www.gibdist.net/about/departments/special-education/contact-us.html]
[www.gibdist.net/uploaded/About/Special_Education/ParentsHandbook.pdf]
[www.gibdist.net/about/departments/special-education/parent-information.html]
[www.gibdist.net/about/departments/special-education/specific-links.html]
[www.gibdist.net/about/departments/special-education/staff-information.html]
[www.gibdist.net/gibdist/our-district/departments/technology/technology-plan-2014-2017.html]
[www.gibdist.net/uploaded/Athletics/Baseball/17_Baseball_Clinic.pdf]
[www.gibdist.net/uploaded/Weiss_Elementary/image_preview1111.jpg]
[www.gibdist.net/uploaded/Weiss_Elementary/image_preview2222222.jpg]
[www.gibdist.net/athletics/high-school-sports/boys-baseball/2016-youth-clinic.html]
[www.gibdist.net/athletics/high-school-sports/boys-baseball/all-star-game.html]
[www.gibdist.net/uploaded/photos/Athletics/Baseball/Scriber.png]
[www.gibdist.net/uploaded/photos/Athletics/Baseball/Scriber4.png]
[www.gibdist.net/uploaded/photos/Athletics/Baseball/Lancaster.png]
[www.gibdist.net/uploaded/photos/Athletics/Baseball/Ryan_Kroll.png]
[gibdistnet.finalsite.com/uploaded/photos/Athletics/Baseball/Jayden-Payne1.png]
[www.gibdist.net/uploaded/photos/Athletics/Baseball/statue.jpg]
[www.gibdist.net/athletics/high-school-sports/boys-baseball/college-trail.html]
[www.gibdist.net/athletics/high-school-sports/boys-baseball/diamond-dolls.html]
[www.gibdist.net/uploaded/Weiss_Elementary/school-tube.jpg]
[www.gibdist.net/athletics/high-school-sports/boys-baseball/ford-focus-commercial.html]
[www.gibdist.net/uploaded/Athletics/IMG_1669-2.jpg]
[www.gibdist.net/uploaded/Athletics/HoF.jpg]
[www.gibdist.net/uploaded/Athletics/HOF4.jpg]
[www.gibdist.net/athletics/high-school-sports/boys-baseball/hall-of-fame.html]
[www.gibdist.net/athletics/high-school-sports/boys-baseball/history.html]
[www.gibdist.net/athletics/high-school-sports/boys-baseball/mini-marauder.html]
[www.gibdist.net/athletics/high-school-sports/boys-baseball/philosophy.html]
[www.gibdist.net/athletics/high-school-sports/boys-baseball/records.html]
[www.gibdist.net/athletics/high-school-sports/boys-baseball/schedule.html]
[www.gibdist.net/uploaded/Athletics/gwl_16.jpg]
[www.gibdist.net/uploaded/Athletics/Dodgeball.jpg]
[www.gibdist.net/uploaded/Athletics/Bus1-1.jpg]
[www.gibdist.net/uploaded/Athletics/Sycamore-1.jpg]
[www.gibdist.net/uploaded/Athletics/OldhamHS-1.jpg]
[www.gibdist.net/uploaded/Athletics/ThomasMooreCollege-1.jpg]
[www.gibdist.net/uploaded/Athletics/BatFactory-1.jpg]
[www.gibdist.net/uploaded/Athletics/NW_Ohio_-_1.jpg]
[www.gibdist.net/uploaded/Athletics/10_at_Kings_HS.jpg]
[www.gibdist.net/uploaded/Athletics/10_loveland_at_U_of_Cincinnati.jpg]
[www.gibdist.net/uploaded/Athletics/10_reds_game.jpg]
[www.gibdist.net/uploaded/Athletics/09_Cinci_-_1.jpg]
[www.gibdist.net/uploaded/Athletics/09_Kentucky_-_1.jpg]
[www.gibdist.net/uploaded/Athletics/09_N_Kentucky-1.jpg]
[www.gibdist.net/uploaded/Athletics/09_Kentuky-Louisville_-_1.jpg]
[www.gibdist.net/uploaded/Athletics/09_Red_Stadium_-_1.jpg]
[www.gibdist.net/uploaded/Athletics/08_Cinci_-_1.jpg]
[www.gibdist.net/uploaded/Athletics/08_Louisville_-_1.jpg]
[www.gibdist.net/uploaded/Athletics/08_Wodden_Bat_Factory_-_1.jpg]
[www.gibdist.net/athletics/high-school-sports/boys-baseball/spring-trip.html]
[www.gibdist.net/uploaded/Athletics/2014_Summer_1.jpg]
[www.gibdist.net/uploaded/Athletics/2014_Summer_2.jpg]
[www.gibdist.net/uploaded/Athletics/July2012Champ1.jpg]
[www.gibdist.net/uploaded/Athletics/July2012Champ2.jpg]
[www.gibdist.net/athletics/high-school-sports/boys-baseball/summer-baseball.html]
[www.gibdist.net/athletics/high-school-sports/boys-baseball/the-beast.html]
[www.gibdist.net/athletics/high-school-sports/boys-baseball/display.html]
[www.gibdist.net/uploaded/Athletics/KIMG0509.jpg]
[www.gibdist.net/uploaded/Athletics/2016gray.jpg]
[www.gibdist.net/uploaded/Athletics/NewGray.jpg]
[www.gibdist.net/uploaded/Athletics/99-03_school_uniform.jpg]
[www.gibdist.net/uploaded/Athletics/10-present_varsity_only.jpg]
[www.gibdist.net/uploaded/Athletics/military.png]
[www.gibdist.net/uploaded/Athletics/04.jpg]
[www.gibdist.net/uploaded/Athletics/05.jpg]
[www.gibdist.net/uploaded/Athletics/06.jpg]
[www.gibdist.net/uploaded/Athletics/07.jpg]
[www.gibdist.net/uploaded/Athletics/08.jpg]
[www.gibdist.net/uploaded/Athletics/09.jpg]
[www.gibdist.net/uploaded/Athletics/10.jpg]
[www.gibdist.net/uploaded/Athletics/11.jpg]
[www.gibdist.net/uploaded/Athletics/12.jpg]
[www.gibdist.net/uploaded/Athletics/2015.jpg]
[www.gibdist.net/uploaded/Athletics/2014.jpg]
[www.gibdist.net/uploaded/Athletics/2013.jpg]
[www.gibdist.net/athletics/high-school-sports/boys-baseball/carlson-uniforms.html]
[www.gibdist.net/uploaded/Athletics/image_preview.png]
[www.gibdist.net/uploaded/Athletics/image_preview_(5).jpg]
[www.gibdist.net/athletics/middle-school-sports/fall-season/cross-country.html]
[www.gibdist.net/athletics/middle-school-sports/fall-season/football.html]
[www.gibdist.net/athletics/middle-school-sports/fall-season/sideline-cheer.html]
[www.gibdist.net/athletics/middle-school-sports/fall-season/girls-volleyball.html]
[www.gibdist.net/athletics/middle-school-sports/winter-season/boys-basketball.html]
[www.gibdist.net/athletics/middle-school-sports/winter-season/girls-basketball.html]
[www.gibdist.net/uploaded/Athletics/image_preview_(3).png]
[www.gibdist.net/uploaded/Athletics/image_preview_(4).png]
[www.gibdist.net/athletics/middle-school-sports/winter-season/boys-and-girls-swimming-and-diving.html]
[www.gibdist.net/athletics/middle-school-sports/winter-season/wrestling.html]
[www.gibdist.net/uploaded/Athletics/image_preview_(5).png]
[www.gibdist.net/athletics/middle-school-sports/spring-season/girls-softball.html]
[www.gibdist.net/uploaded/Athletics/image_preview_(6).jpg]
[www.gibdist.net/athletics/middle-school-sports/spring-season/boys-baseball.html]
[www.gibdist.net/uploaded/Shumate_Middle_School/Welcome_to_SHUMATE_Track_and_Field.pdf]
[www.gibdist.net/uploaded/Shumate_Middle_School/2017_Calendar.pdf]
[www.gibdist.net/uploaded/Shumate_Middle_School/SHUMATE_TRACK_2017_ORDER_FORM.pdf]
[www.gibdist.net/athletics/middle-school-sports/spring-season/boys-and-girls-track-and-field.html]
[www.gibdist.net/uploaded/Athletics/Forms/Athlete_Emergency_Transportation_Waiver.pdf]
[www.gibdist.net/about/departments/Asthma_Management_Plan.html]
[www.gibdist.net/about/departments/Diabetes_Medical_Management_Plan.html]
[www.gibdist.net/about/departments/Food_Allergy_Management_Plan.html]
[www.gibdist.net/about/departments/Insect_Sting_Allergy_Management.html]
[www.gibdist.net/about/departments/Seizure_Action_Plan.html]
[www.gibdist.net/about/departments/2014_-_Generic_Medical_Management_Plan.html]
[www.gibdist.net/about/departments/When_to_keep_a_child_home_from_school.html]
[www.gibdist.net/about/departments/EV68_Factsheet.html]
[www.gibdist.net/about/departments/EV68_Infographic.html]
[www.gibdist.net/about/departments/Information_on_Influenza.html]
[www.gibdist.net/about/departments/Teen_Vaccine_Info_and_Requires_.html]
[www.gibdist.net/about/departments/State_of_Mich_mandated_concussion_form.html]
[www.gibdist.net/about/departments/2015_Repro_Health_Report_-_2_Year.html]
[www.gibdist.net/athletics/high-school-sports/boys-baseball/college-trail/kyle-howard.html]
[www.gibdist.net/athletics/high-school-sports/boys-baseball/hall-of-fame/1977-state-champs.html]
[www.gibdist.net/athletics/high-school-sports/boys-baseball/hall-of-fame/1-jim-woolsey.html]
[www.gibdist.net/uploaded/Athletics/jeff.jpg]
[www.gibdist.net/athletics/high-school-sports/boys-baseball/hall-of-fame/5-jeff-taylor.html]
[www.gibdist.net/uploaded/Athletics/john.jpg]
[www.gibdist.net/uploaded/Athletics/john1.jpg]
[www.gibdist.net/uploaded/Athletics/john2.jpg]
[www.gibdist.net/athletics/high-school-sports/boys-baseball/hall-of-fame/6-john-deleon.html]
[www.gibdist.net/athletics/high-school-sports/boys-baseball/hall-of-fame/6-craig-smith.html]
[www.gibdist.net/athletics/high-school-sports/boys-baseball/hall-of-fame/7-dean-sisk.html]
[www.gibdist.net/athletics/high-school-sports/boys-baseball/hall-of-fame/9-john-lefevre.html]
[www.gibdist.net/athletics/high-school-sports/boys-baseball/hall-of-fame/10-greg-cole.html]
[www.gibdist.net/uploaded/Athletics/adam.jpg]
[www.gibdist.net/athletics/high-school-sports/boys-baseball/hall-of-fame/11-adam-ruffner.html]
[www.gibdist.net/athletics/high-school-sports/boys-baseball/hall-of-fame/11-kirk-willie-williams.html]
[www.gibdist.net/uploaded/Athletics/tracey.png]
[www.gibdist.net/athletics/high-school-sports/boys-baseball/hall-of-fame/11-tracy-richardson.html]
[www.gibdist.net/athletics/high-school-sports/boys-baseball/hall-of-fame/12-kelly-mousseau.html]
[www.gibdist.net/athletics/high-school-sports/boys-baseball/hall-of-fame/12-kelly-scheffler.html]
[www.gibdist.net/athletics/high-school-sports/boys-baseball/hall-of-fame/17-jerry-rhodes.html]
[www.gibdist.net/uploaded/Athletics/clark.jpg]
[www.gibdist.net/athletics/high-school-sports/boys-baseball/hall-of-fame/17-chris-clark.html]
[www.gibdist.net/athletics/high-school-sports/boys-baseball/hall-of-fame/17-pat-lancaster.html]
[www.gibdist.net/athletics/high-school-sports/boys-baseball/hall-of-fame/18-gary-suds-southerland.html]
[www.gibdist.net/athletics/high-school-sports/boys-baseball/hall-of-fame/23-michael-jordan.html]
[www.gibdist.net/athletics/high-school-sports/boys-baseball/hall-of-fame/24-jim-lancaster.html]
[www.gibdist.net/gibdist/schools/Carlson/counseling-center/images/MrsPalazzolo.JPG/image-preview.html]
[www.gibdist.net/gibdist/schools/Carlson/counseling-center/images/KELLYPHOTO.jpg/image-preview.html]
[www.gibdist.net/gibdist/schools/Carlson/counseling-center/KELLY PHOTO.html]
[www.gibdist.net/gibdist/schools/Carlson/counseling-center/Transcript Request.html]
[www.gibdist.net/gibdist/schools/Carlson/counseling-center/scholarships.html]
[www.gibdist.net/gibdist/schools/Carlson/counseling-center/CollegeVisitQuestionsHandout.html]
[www.gibdist.net/gibdist/schools/Carlson/counseling-center/all-michigan-colleges.html]
[www.gibdist.net/uploaded/Schools/Carlson/Counseling/WorkPermit-Under16YrsOld.pdf]
[www.gibdist.net/uploaded/Schools/Carlson/Counseling/YouthEmptStdAct.pdf]
[www.gibdist.net/uploaded/Schools/Carlson/Counseling/YouthEmpPostingReq.pdf]
[www.gibdist.net/carlson-high/counseling-center/work-permits]
[www.gibdist.net/uploaded/Carlson_Heigh_School/image_preview_(18).jpg]
[www.gibdist.net/carlson-high/hall-of-fame/class-of-2013]
[www.gibdist.net/carlson-high/hall-of-fame/nomination-packets]
[www.gibdist.net/carlson-high/Parent_update_3-8-17.html]
[www.gibdist.net/carlson-high/MikeSmithLetter.html]
[www.gibdist.net/carlson-high/Parent_Update_2-26-17.html]
[www.gibdist.net/carlson-high/parent_update_2-7-17.html]
[www.gibdist.net/carlson-high/parent_update_1-28-17.html]
[www.gibdist.net/Important Documents/2017 Senior Ad Flyer.pdf]
[www.gibdist.net/news-notes/Direct College Letter.pdf]
[www.gibdist.net/gibdist/schools/Shumate/sms-media-center/welcome-to-shumate-m.html]
[www.gibdist.net/shumate-middle/extra-curricular/student-council/student-council-constitution.html]
[www.gibdist.net/shumate-middle/extra-curricular/Shumate_Middle_School_Anime_Club.html]
[gibdistnet.finalsite.com/uploaded/Shumate_Middle_School/image_preview-4.png]
[www.gibdist.net/shumate-middle/extra-curricular/astp]
[www.gibdist.net/shumate-middle/Shumate_Drill_Form_.html]
[www.gibdist.net/uploaded/themes/default/css/main47af.css]
[www.gibdist.net/chapman-elementary/about-chapman.html]
[www.gibdist.net/chapman-elementary/about-chapman/pbis.html]
[www.gibdist.net/chapman-elementary/calendar.html]
[www.gibdist.net/uploaded/Schools/Chapman/Chapman_Handbook_2016-17.pdf]
[www.gibdist.net/uploaded/Schools/Chapman/Chapman_Emergency_Drill_Log_2016-2017.pdf]
[www.gibdist.net/chapman-elementary/important-documents.html]
[www.gibdist.net/chapman-elementary/important-documents/anti-harassment-and-bullying-policies.html]
[www.gibdist.net/uploaded/photos/Chapman/Cassie_(1).jpg]
[www.gibdist.net/chapman-elementary/about-the-principal-1.html]
[www.gibdist.net/chapman-elementary/news.html]
[www.gibdist.net/chapman-elementary/pto.html]
[www.gibdist.net/chapman-elementary/resources.html]
[www.gibdist.net/chapman-elementary/staff-information.html]
[www.gibdist.net/uploaded/chapman_elementary/boost_tips.pdf]
[www.gibdist.net/uploaded/themes/default/js/main47af.js]
[www.gibdist.net/hunter-elementary/principals-page/clubs/library.html]
[www.gibdist.net/hunter-elementary/principals-page/clubs/learn-to-earn.html]
[www.gibdist.net/hunter-elementary/principals-page/clubs/safety-patrol.html]
[www.gibdist.net/uploaded/hunter_elementary_school/02_Pizza_Night_Invite_2013.pdf]
[www.gibdist.net/uploaded/hunter_elementary_school/05_WD_Daily_Orientation_2013.pdf]
[www.gibdist.net/uploaded/hunter_elementary_school/01_WD_Reg_Form_2013.pdf]
[www.gibdist.net/hunter-elementary/principals-page/clubs/watch-dogs-dads-of-great-students.html]
[www.gibdist.net/hunter-elementary/principals-page/clubs/wdoh-tv-production-club.html]
[www.gibdist.net/gibdist/schools/Hunter/about-us.html]
[www.gibdist.net/fs/pages/589.html]
[www.gibdist.net/hunter-elementary/resources/anti-harassment-and-bullying-policies]
[www.gibdist.net/hunter-elementary/hunter-highlights]
[www.gibdist.net/fs/pages/286]
[www.gibdist.net/parsons-elementary/about-parsons]
[www.gibdist.net/uploaded/Parsons_Elementary/PTO_May_Minutes_5-17-16.pdf]
[www.gibdist.net/uploaded/Parsons_Elementary/PTO_Mtg_Minutes_8-25-2016.pdf]
[www.gibdist.net/uploaded/Parsons_Elementary/Pto_meeting_minutes_9-13-16.pdf]
[www.gibdist.net/uploaded/Parsons_Elementary/PTO_Meeting_Minutes_10-11-16.pdf]
[www.gibdist.net/uploaded/Parsons_Elementary/PTO_Meeting_Minutes_-11-15-16.pdf]
[www.gibdist.net/parsons-elementary/pto/pto-minutes]
[www.gibdist.net/uploaded/Parsons_Elementary/Parsons_PTO_Cash_Box_Request.pdf]
[www.gibdist.net/uploaded/Parsons_Elementary/Parsons_PTO_Cashier_Report.pdf]
[www.gibdist.net/uploaded/Parsons_Elementary/Parsons_PTO_Check_Request_Form.pdf]
[www.gibdist.net/uploaded/Parsons_Elementary/Parsons_PTO_Deposit_Form.pdf]
[www.gibdist.net/uploaded/Parsons_Elementary/Parsons_PTO_Event_Reporting_Form.pdf]
[www.gibdist.net/uploaded/Parsons_Elementary/Reward_Programs_2015-2016.pdf]
[www.gibdist.net/uploaded/Parsons_Elementary/Parsons_On-line_Shopping_Fundraiser_2015.pdf]
[www.gibdist.net/uploaded/Parsons_Elementary/Parsons_PTO_Reimbursement_Request_Form.pdf]
[www.gibdist.net/uploaded/Parsons_Elementary/Chairs_2016-2017.pdf]
[www.gibdist.net/uploaded/Parsons_Elementary/Three_for_me_2016.pdf]
[www.gibdist.net/uploaded/Parsons_Elementary/Spirit_Wear_2016.pdf]
[www.gibdist.net/uploaded/Parsons_Elementary/2016-2017_PTO_Event_Calendar.pdf]
[www.gibdist.net/parsons-elementary/pto/pto-general-information-schedule]
[www.gibdist.net/parsons-elementary/staff-information]
[www.gibdist.net/uploaded/Weiss_Elementary/greenschool1.jpg]
[www.gibdist.net/uploaded/Weiss_Elementary/greenschool2.jpg]
[www.gibdist.net/weiss-elementary/about-our-school/school-programs/green-school.html]
[www.gibdist.net/uploaded/Weiss_Elementary/Title_I_Right_to_Know_Statement.doc]
[www.gibdist.net/uploaded/Weiss_Elementary/Weiss_Elementary_-_Title_One_Presentation.ppt]
[www.gibdist.net/uploaded/Weiss_Elementary/Title_I_Parent_Involvement_Plan_Revised.pdf]
[www.gibdist.net/uploaded/Weiss_Elementary/Parent_compact.pdf]
[www.gibdist.net/weiss-elementary/about-our-school/school-programs/title-i-targeted-assistance-program.html]
[www.gibdist.net/uploaded/Weiss_Elementary/suggested-supply-lists.html]
[www.gibdist.net/uploaded/Weiss_Elementary/2016-2017_PTO_event_schedule.pdf]
[www.gibdist.net/uploaded/Schools/Weiss/2016-2017_PTO_event_schedule.pdf]
[www.gibdist.net/weiss-elementary/pto/pto-events]
[www.gibdist.net/uploaded/Weiss_Elementary/Weiss_Wildcats_black.pdf]
[www.gibdist.net/uploaded/Weiss_Elementary/Weiss_Wear_fall_2016_flyer.pdf]
[www.gibdist.net/uploaded/Weiss_Elementary/Weiss_Wear_Catalog_fall_2016.pdf]
[www.gibdist.net/weiss-elementary/pto/weiss-spirit-wear]
[www.gibdist.net/uploaded/Weiss_Elementary/PTO_Gen_mtg_mins_9-12-16_APPROVED.pdf]
[www.gibdist.net/uploaded/Weiss_Elementary/October_2016_minutes.docx]
[www.gibdist.net/weiss-elementary/pto/pto-minutes-2016-2017]
[www.gibdist.net/uploaded/themes/default/css/mainc9b8.css]
[www.gibdist.net/downriver-high/about-downriver.html]
[www.gibdist.net/downriver-high/calendar.html]
[www.gibdist.net/uploaded/Schools/Downriver/DHS_Registration_Packet_2016-17.pdf]
[www.gibdist.net/uploaded/Schools/Downriver/Handbook_-_Students_2016-2017.pdf]
[www.gibdist.net/downriver-high/important-documents.html]
[www.gibdist.net/uploaded/photos/Downriver/Lelie_G.jpg]
[www.gibdist.net/downriver-high/meet-the-principal.html]
[www.gibdist.net/downriver-high/staff-information.html]
[www.gibdist.net/uploaded/themes/default/js/mainc9b8.js]
[www.gibdist.net/uploaded/themes/default/css/mainfbae.css]
[www.gibdist.net/lakeshore-virtual/about-lakeshore.html]
[www.gibdist.net/lakeshore-virtual/calendar.html]
[www.gibdist.net/uploaded/photos/Lakeshore_Virtual/Derek.png]
[www.gibdist.net/lakeshore-virtual/meet-the-principal.html]
[www.gibdist.net/lakeshore-virtual/news.html]
[www.gibdist.net/uploaded/themes/default/js/mainfbae.js]
[www.gibdist.net/about/departments/special-education/sporting-opportunities]
[www.gibdist.net/about/departments/special-education/staff-informatione9c4.html]
[www.gibdist.net/about/departments/special-education/staff-informationb26c.html]
[www.gibdist.net/fs/pages/393]
[www.gibdist.net/gibdist/athletics/high-school-sports/spring-season/boys-baseball/all-star-game/KIMG0177-2.jpg/image-preview.html]
[www.gibdist.net/gibdist/athletics/high-school-sports/spring-season/boys-baseball/all-star-game/photos/Pat Lancaster at HS AllStar Game.jpg/image-preview.html]
[www.gibdist.net/gibdist/athletics/high-school-sports/spring-season/boys-baseball/all-star-game/copy-of-IMG951614.jpg/image-preview.html]
[www.gibdist.net/gibdist/athletics/high-school-sports/spring-season/boys-baseball/all-star-game/Kyle Drew.jpg/image-preview.html]
[www.gibdist.net/gibdist/athletics/high-school-sports/spring-season/boys-baseball/photos/kyle f all star game.html]
[www.gibdist.net/athletics/high-school-sports/boys-baseball/college-trail/zach-kohn.html]
[www.gibdist.net/uploaded/photos/Athletics/Baseball/Jayden-Payne2.png]
[www.gibdist.net/athletics/high-school-sports/boys-baseball/college-trail/john-schreiber.html]
[www.gibdist.net/athletics/high-school-sports/boys-baseball/college-trail/kyle-francek.html]
[www.gibdist.net/athletics/high-school-sports/boys-baseball/college-trail/jeremy-bagnall.html]
[www.gibdist.net/athletics/high-school-sports/boys-baseball/college-trail/pat-lancaster.html]
[www.gibdist.net/athletics/high-school-sports/boys-baseball/college-trail/shane-powell.html]
[www.gibdist.net/uploaded/Weiss_Elementary/faciliteis1.jpg]
[www.gibdist.net/uploaded/Weiss_Elementary/facilities2.png]
[www.gibdist.net/athletics/high-school-sports/boys-baseball/facilities]
[www.gibdist.net/uploaded/Athletics/brick_v3.pdf]
[www.gibdist.net/uploaded/Athletics/Seating_Project_2.pdf]
[www.gibdist.net/uploaded/Athletics/fundraising.jpg]
[www.gibdist.net/athletics/high-school-sports/boys-baseball/fundraising]
[www.gibdist.net/uploaded/Athletics/photos/Carlson_1348_122_-2.html]
[www.gibdist.net/fs/pages/685.html]
[www.gibdist.net/fs/pages/687.html]
[www.gibdist.net/fs/pages/689.html]
[www.gibdist.net/fs/pages/691.html]
[www.gibdist.net/fs/pages/693.html]
[www.gibdist.net/fs/pages/694.html]
[www.gibdist.net/fs/pages/695.html]
[www.gibdist.net/fs/pages/697.html]
[www.gibdist.net/fs/pages/699.html]
[www.gibdist.net/fs/pages/700.html]
[www.gibdist.net/fs/pages/701.html]
[www.gibdist.net/fs/pages/702.html]
[www.gibdist.net/fs/pages/703.html]
[www.gibdist.net/fs/pages/704.html]
[www.gibdist.net/fs/pages/705.html]
[www.gibdist.net/fs/pages/706.html]
[www.gibdist.net/fs/pages/707.html]
[www.gibdist.net/fs/pages/709.html]
[www.gibdist.net/athletics/high-school-sports/boys-baseball/league]
[www.gibdist.net/athletics/high-school-sports/boys-baseball/news-updates]
[www.gibdist.net/uploaded/Athletics/photo1.png]
[www.gibdist.net/uploaded/Athletics/photo2.jpg]
[www.gibdist.net/uploaded/Athletics/photo3.jpg]
[www.gibdist.net/uploaded/Athletics/photo4.jpg]
[www.gibdist.net/athletics/high-school-sports/boys-baseball/baseball-photos]
[www.gibdist.net/uploaded/Athletics/legacy_field.jpg]
[www.gibdist.net/uploaded/Athletics/withrow16.jpg]
[www.gibdist.net/uploaded/Athletics/uc2014.html]
[www.gibdist.net/uploaded/Athletics/UCinn2013.html]
[www.gibdist.net/uploaded/Athletics/kings.html]
[www.gibdist.net/uploaded/Athletics/Reds2015.jpg]
[www.gibdist.net/athletics/high-school-sports/boys-baseball/inspirational-videos]
[www.gibdist.net/uploaded/Athletics/image_preview_(2).png]
[www.gibdist.net/uploaded/Athletics/image_preview_(1).png]
[www.gibdist.net/athletics/middle-school-sports/winter-season/competitive-cheer]
[www.gibdist.net/athletics/middle-school-sports/spring-season/gendroj@gibdist.html]
[www.gibdist.net/gibdist/athletics/high-school-sports/spring-season/boys-baseball/college-trail/Howard2.jpg/image-preview.html]
[www.gibdist.net/gibdist/athletics/high-school-sports/spring-season/boys-baseball/college-trail/Howard1.jpg/image-preview.html]
[www.gibdist.net/athletics/high-school-sports/boys-baseball/hall-of-fame/7-joe-drennen]
[www.gibdist.net/uploaded/Schools/Carlson/Counseling/WorkPermit-16-17YrOlds.pdf]
[www.gibdist.net/chapman-elementary/news/principals-newsletter]
[www.gibdist.net/uploaded/chapman_elementary/school_breakfast_flyer_2012.pdf]
[www.gibdist.net/uploaded/hunter_elementary_school/watch_dogs.html]
[www.gibdist.net/uploaded/Parsons_Elementary/pto-schedule.html]
[www.gibdist.net/uploaded/Schools/Weiss/PTO_Minutes_Nov1bda.html]
[www.gibdist.net/uploaded/Schools/Weiss/PTO_Minutes_Nov29ff.html]
[www.google.com/a/gibdist.net/images/logo.76c2c17.delayed]
[www.google.com/a/cpanel/gibdist.net/images/logo2c17.png]
[www-onepick-opensocial.googleusercontent.com/gadgets/js/rpc4a8a.js]
[apis.google.com/js/rpc.js]
[ssl.gstatic.com/gb/images/a/f5cdd88b65.png]
[ssl.gstatic.com/gb/images/a/133fc21e88.png]
[ssl.gstatic.com/gb/images/v1_76783e20.png]
[ssl.gstatic.com/gb/images/v2_f80843e3.png]
[ssl.gstatic.com/gb/images/a/3a1e625196.png]
[ssl.gstatic.com/gb/images/a/3daf4c1f88.png]
[ssl.gstatic.com/gb/images/a/f420d06f66.png]
[ssl.gstatic.com/gb/images/a/78b3d46de1.png]
[ssl.gstatic.com/gb/images/a/142da27578.png]
[ssl.gstatic.com/gb/images/a/911e3628e6.png]
[ssl.gstatic.com/gb/images/a/41679a9ec5.png]
[ssl.gstatic.com/gb/images/a/4244245d7e.png]
[ssl.gstatic.com/gb/images/a/4653513b7d.png]
[ssl.gstatic.com/gb/images/a/ad330d8459.png]
[ssl.gstatic.com/gb/images/a/2c21041e16.png]
[ssl.gstatic.com/gb/images/a/c03dda0b34.png]
[ssl.gstatic.com/gb/images/a/74aa55e0c2.png]
[ssl.gstatic.com/gb/images/a/afa40f6e42.png]
[ssl.gstatic.com/gb/images/a/ea554714e7.png]
[ssl.gstatic.com/gb/images/a/0b26f6f8e4.png]
[ssl.gstatic.com/gb/images/a/dfbeb24785.png]
[ssl.gstatic.com/gb/images/a/85bb99a341.png]
[ssl.gstatic.com/gb/images/a/eacd033c28.png]
[ssl.gstatic.com/gb/images/a/438087d3df.png]
[ssl.gstatic.com/gb/images/a/cfa67efcd3.png]
[ssl.gstatic.com/gb/images/a/9c561d4392.png]
[ssl.gstatic.com/gb/images/a/90f42e515b.png]
[ssl.gstatic.com/gb/images/a/e3cbb9b858.png]
[ssl.gstatic.com/gb/images/a/17bdcddea9.png]
[ssl.gstatic.com/gb/images/a/be3fe52205.png]
[ssl.gstatic.com/gb/images/a/1b217ae532.png]
[ssl.gstatic.com/gb/images/a/188f0d697b.png]
[ssl.gstatic.com/gb/images/a/20808fb750.png]
[ssl.gstatic.com/gb/images/a/6d9eaee7f9.png]
[ssl.gstatic.com/gb/images/a/2d7fffa981.png]
[ssl.gstatic.com/gb/images/a/fe8c881457.png]
[ssl.gstatic.com/gb/images/a/d54db42004.png]
[ssl.gstatic.com/gb/images/a/99be7c5086.png]
[ssl.gstatic.com/gb/images/a/9001dae971.png]
[ssl.gstatic.com/gb/images/a/ca7b209615.png]
[ssl.gstatic.com/gb/images/a/e000432278.png]
[ssl.gstatic.com/gb/images/a/84d52a8885.png]
[ssl.gstatic.com/gb/images/a/5a1c013d3d.png]
[ssl.gstatic.com/gb/images/a/de580e5330.png]
[ssl.gstatic.com/gb/images/a/451603daf6.png]
[www.gibdist.net/uploaded/Schools/Weiss/PTO_Minutes_Nov.html]
[www.gibdist.net/uploaded/Schools/Weiss/PTO_Minutes_Dec1bda.html]
[www.gibdist.net/uploaded/Schools/Weiss/PTO_Minutes_Dec29ff.html]
[www.gibdist.net/uploaded/Schools/Weiss/PTO_Minutes_Dec.html]
[cse.google.com/cse/cse07b6.html]
[www.gibdist.net/gibdist/athletics/high-school-sports/spring-season/boys-baseball/college-trail/Kohn4.jpg/image-preview.html]
[www.gibdist.net/gibdist/athletics/high-school-sports/spring-season/boys-baseball/college-trail/Kohn3.jpg/image-preview.html]
[www.gibdist.net/gibdist/athletics/high-school-sports/spring-season/boys-baseball/college-trail/Kohn2.jpg/image-preview.html]
[www.gibdist.net/gibdist/athletics/high-school-sports/spring-season/boys-baseball/college-trail/BB2015.png/image-preview.html]
[www.gibdist.net/gibdist/athletics/high-school-sports/spring-season/boys-baseball/college-trail/johns/DSCF1249.jpg/image-preview.html]
[www.gibdist.net/gibdist/athletics/high-school-sports/spring-season/boys-baseball/college-trail/johns/DSCF1245.jpg/image-preview.html]
[www.gibdist.net/gibdist/athletics/high-school-sports/spring-season/boys-baseball/college-trail/johns/DSCF1243.jpg/image-preview.html]
[www.gibdist.net/gibdist/athletics/high-school-sports/spring-season/boys-baseball/college-trail/Francek.JPG/image-view-fullscreen.html]
[www.gibdist.net/gibdist/athletics/high-school-sports/spring-season/boys-baseball/college-trail/Francek.JPG/image-preview.html]
[www.gibdist.net/gibdist/athletics/high-school-sports/spring-season/boys-baseball/college-trail/Jeremy Bagnall #1.jpg/image-preview.html]
[www.gibdist.net/gibdist/athletics/high-school-sports/spring-season/boys-baseball/college-trail/Jeremy Bagnall #2.jpg/image-preview.html]
[www.gibdist.net/gibdist/athletics/high-school-sports/spring-season/boys-baseball/college-trail/2015-Lindenwood-vs-Montevallo-Baseball-889.jpg/image-preview.html]
[www.gibdist.net/gibdist/athletics/high-school-sports/spring-season/boys-baseball/college-trail/pat-lancaster.html]
[www.gibdist.net/gibdist/athletics/high-school-sports/spring-season/boys-baseball/college-trail/IMG-0230.JPG/image-preview.html]
[www.gibdist.net/gibdist/athletics/high-school-sports/spring-season/boys-baseball/college-trail/IMG_0230.html]
[www.gibdist.net/gibdist/athletics/high-school-sports/spring-season/boys-baseball/college-trail/IMG-0229.JPG/image-preview.html]
[www.gibdist.net/gibdist/athletics/high-school-sports/spring-season/boys-baseball/college-trail/Shane1.jpg/image-preview.html]
[www.gibdist.net/gibdist/athletics/high-school-sports/spring-season/boys-baseball/college-trail/Shane3.jpg/image-preview.html]
[www.gibdist.net/gibdist/athletics/high-school-sports/spring-season/boys-baseball/college-trail/Shane2.jpg/image-preview.html]
[www.gibdist.net/uploaded/Schools/Weiss/PTO_Minutes_Dec37d8.html]
[www.gibdist.net/uploaded/Athletics/legacy_field.jpg]
[www.gibdist.net/uploaded/Schools/Weiss/feed/atom.html]
[www.gibdist.net/uploaded/Schools/Weiss/PTO_Minutes_Nov7d5c.html]
[www.gibdist.net/uploaded/Schools/Weiss/PTO_Minutes_Nov1bda.html]
[www.gibdist.net/uploaded/Schools/Weiss/PTO_Minutes_Nov29ff.html]
[www.gibdist.net/mail/c/u/0/index.html]
[www.gibdist.net/uploaded/Schools/Weiss/gci_91f30755d6a6b787dcc2a4062e6e9824.html]
[www.gibdist.net/mail/u/$session_index/index.html]
[www.gibdist.net/uploaded/Schools/Weiss/));return a};Da.html]
[www.gibdist.net/uploaded/Schools/Weiss/index.html]
[ssl.gstatic.com/gb/images/a/71060be5b3.html]
[ssl.gstatic.com/gb/images/a/e2c0b463b4.html]
[www.gibdist.net/_/scs/mail-static/_/js/k=gmail.main.en.IDHbKMvUm0s.O/m=m_i,pdt,t/am=tDiHsCfj_SEOGC1LLTDM_p-fXKoeyDH8up8JB4irgpsB/rt=h/d=1/rs=AHGWq9AzL78LGvNMl1FqU9qEi7q3zTIjqg.7a1.dela]
[www.gibdist.net/uploaded/Schools/Weiss/PTO_Minutes_Nov37d8.html]
[www.gibdist.net/uploaded/Schools/Weiss/Weiss Staff Newsletter 2.27.17.html]
[www.gibdist.net/uploaded/Schools/Weiss/The email is to inform you of your finalsite ad/gibdistnet.finalsite.com/admind457.html]
[www.gibdist.net/uploaded/Schools/Weiss/DIAGNOSTIC.html]
[www.gibdist.net/uploaded/Schools/Weiss/Weiss Staff Newsletter 2.21.17.html]
[www.gibdist.net/uploaded/Schools/Weiss/image1.html]
[www.gibdist.net/uploaded/Schools/Weiss/urgent reply.html]
[www.gibdist.net/uploaded/Schools/Weiss/Mayhem Tickets 101-200.html]
[www.gibdist.net/uploaded/Schools/Weiss/2016-2017RESA HIV AIDS Trainings.html]
[www.gibdist.net/uploaded/Schools/Weiss/Mayhem Cabin Raffle.html]
[www.gibdist.net/uploaded/Schools/Weiss/Weiss Staff Newsletter 2.6.17.html]
[www.gibdist.net/uploaded/Schools/Weiss/AHAHOMEWORKWITHHEART.html]
[www.gibdist.net/uploaded/Schools/Weiss/EBlast 6 January 2017.html]
[www.gibdist.net/uploaded/Schools/Weiss/PTO_Minutes_Dec7d5c.html]
[www.gibdist.net/uploaded/Schools/Weiss/PTO_Minutes_Dec1bda.html]
[www.gibdist.net/uploaded/Schools/Weiss/PTO_Minutes_Dec29ff.html]
[www.gibdist.net/uploaded/Schools/Weiss/PTO_Minutes_Dec37d8.html]
[www.gibdist.net/mail/u/$session-index.html]
[www.gibdist.net/-/scs/mail-static/-/js/k=gmail.main.en.IDHbKMvUm0s.O/m=m-i,pdt,t/am=tDiHsCfj-SEOGC1LLTDM-p-fXKoeyDH8up8JB4irgpsB/rt=h/d=1/rs=AHGWq9AzL78LGvNMl1FqU9qEi7q3zTIjqg.7b4.dela]
